
> frontend@0.1.0 build
> next build

  Γû▓ Next.js 15.0.0

   Creating an optimized production build ...
 Γ£ô Compiled successfully
   Linting and checking validity of types ...
npm : 
At line:1 char:1
+ npm run build > 
build_output.txt 2>&1
+ ~~~~~~~~~~~~~~~~~~~~~
~~~~~~~~~~~~~~~~
    + CategoryInfo     
         : 
NotSpecified: (:St    
ring) [], RemoteExcept 
   ion
    + 
FullyQualifiedErrorI   
 d : NativeCommandError
 
Failed to compile.

./src/config/navigation
.ts
5:3  Error: 'Car' is 
defined but never 
used.  @typescript-esli
nt/no-unused-vars
8:3  Error: 
'FileBadge' is defined 
but never used.  @types
cript-eslint/no-unused-
vars
11:3  Error: 
'FileText' is defined 
but never used.  @types
cript-eslint/no-unused-
vars
16:3  Error: 
'HardDrive' is defined 
but never used.  @types
cript-eslint/no-unused-
vars
20:3  Error: 'MapPin' 
is defined but never 
used.  @typescript-esli
nt/no-unused-vars
23:3  Error: 'Receipt' 
is defined but never 
used.  @typescript-esli
nt/no-unused-vars
25:3  Error: 'Scale' 
is defined but never 
used.  @typescript-esli
nt/no-unused-vars
27:3  Error: 
'ShoppingBag' is 
defined but never 
used.  @typescript-esli
nt/no-unused-vars
33:3  Error: 'Wallet' 
is defined but never 
used.  @typescript-esli
nt/no-unused-vars

info  - Need to 
disable some ESLint 
rules? Learn more 
here: https://nextjs.or
g/docs/basic-features/e
slint#disabling-rules
